// Jest Snapshot v1, https://goo.gl/fbAQLP

exports[`Given - Input component and props are: {"placeholder":"Enter your email"} should render correctly and match snapshot 1`] = `
<View
  style={
    [
      {
        "alignItems": "center",
        "backgroundColor": "#ffffff",
        "borderColor": "#EEEEEE",
        "borderRadius": 10,
        "borderWidth": 1,
        "flexDirection": "row",
        "marginVertical": 14,
        "paddingHorizontal": 5,
        "paddingVertical": 34,
        "width": "100%",
      },
      {},
    ]
  }
>
  <View
    style={
      [
        {
          "flex": 1,
          "flexDirection": "column",
          "gap": 2,
          "paddingHorizontal": 34,
        },
        {},
      ]
    }
  >
    <TextInput
      autoCapitalize="none"
      autoCorrect={false}
      placeholder="Enter your email"
      placeholderTextColor="#CCCCCC"
      style={
        [
          {
            "color": "#1C1B1B",
            "fontSize": 24,
          },
        ]
      }
    />
  </View>
</View>
`;
